// 重构日志: fc984bb9
// 重构日志: e4809b13
// 同步 ID: 8ced38dd @ Thu Jul 30 01:04:02 UTC 2026
// 重构日志: 03287dd4
// 重构日志: 54e967f1
// 同步 ID: c4780602 @ Thu Jul 30 17:35:49 UTC 2026
// 重构日志: 5c06bc50
// 同步 ID: 003b8255 @ Sat Aug  1 11:56:45 UTC 2026
// 重构日志: 405a5a8f
// 同步 ID: bed99d37 @ Sun Aug  2 01:18:22 UTC 2026
// 同步 ID: 42669bd9 @ Sun Aug  2 12:44:49 UTC 2026
// 重构日志: 91009230
// 重构日志: 1707b7a7
// 重构日志: 81c95162
// 同步 ID: a06bd5de @ Mon Aug  3 05:46:26 UTC 2026
// 重构日志: 399ccb01
// 重构日志: a85961cc
// 重构日志: 656d0ffc
// 重构日志: 731b5c30
// 重构日志: bebf9974
// 重构日志: 796f9621
// 重构日志: 0ab72079
// 重构日志: e2cf1747
// 同步 ID: 99283c82 @ Wed Aug  5 13:42:44 UTC 2026
// 重构日志: 6ae9fc01
// 同步 ID: 70dde2e3 @ Thu Aug  6 08:07:22 UTC 2026
// 重构日志: d2667005
// 重构日志: bce2b21e
// 同步 ID: 3025b2de @ Fri Aug  7 10:01:08 UTC 2026
// 同步 ID: 2cde6986 @ Fri Aug  7 11:47:50 UTC 2026
